// Jest Snapshot v1, https://goo.gl/fbAQLP

exports[`Character component renders Character 1`] = `
<DocumentFragment>
  <div
    class="Character"
  >
    <a
      href="detail/Bob"
    >
      <h3>
        Bob
      </h3>
      <img
        alt="Bob"
        src="http://image.com/pic.jpg"
      />
    </a>
  </div>
</DocumentFragment>
`;
