// Jest Snapshot v1, https://goo.gl/fbAQLP

exports[`Loading component renders Loading 1`] = `
<DocumentFragment>
  <div>
    <img
      alt="Waiting"
      src="https://i.stack.imgur.com/hzk6C.gif"
    />
  </div>
</DocumentFragment>
`;
